[2026-04-20 14:09:31] [INFO ] [main] ──► STEP: Navigating to: https://www.demoblaze.com/
[2026-04-20 14:09:32] [INFO ] [main] SoftAssert reset for new test
[2026-04-20 14:09:32] [INFO ] [main] ──► STEP: Clicking: By.xpath: //a[@id='itemc' and @onclick="byCat('notebook')"]
[2026-04-20 14:09:33] [INFO ] [main] SoftAssert assertTrue: Product list should not be empty for laptops category
[2026-04-20 14:09:33] [INFO ] [main] SoftAssert assertFalse: Non-laptop product found in laptops category: Samsung galaxy s6
[2026-04-20 14:09:33] [INFO ] [main] SoftAssert assertFalse: Non-laptop product found in laptops category: Nokia lumia 1520
[2026-04-20 14:09:33] [INFO ] [main] SoftAssert assertFalse: Non-laptop product found in laptops category: Nexus 6
[2026-04-20 14:09:33] [INFO ] [main] SoftAssert assertFalse: Non-laptop product found in laptops category: Samsung galaxy s7
[2026-04-20 14:09:33] [INFO ] [main] SoftAssert assertFalse: Non-laptop product found in laptops category: Iphone 6 32gb
[2026-04-20 14:09:33] [INFO ] [main] SoftAssert assertFalse: Non-laptop product found in laptops category: Sony xperia z5
[2026-04-20 14:09:33] [INFO ] [main] SoftAssert assertFalse: Non-laptop product found in laptops category: HTC One M9
[2026-04-20 14:09:33] [INFO ] [main] SoftAssert assertFalse: Non-laptop product found in laptops category: Sony vaio i5
[2026-04-20 14:09:33] [INFO ] [main] SoftAssert assertFalse: Non-laptop product found in laptops category: Sony vaio i7
[2026-04-20 14:09:33] [INFO ] [main] ──► STEP: Running assertAll()
[2026-04-20 14:09:33] [ERROR] [main] One or more assertions failed
java.lang.AssertionError: The following asserts failed:
	Non-laptop product found in laptops category: Samsung galaxy s6 expected [false] but found [true],
	Non-laptop product found in laptops category: Nokia lumia 1520 expected [false] but found [true],
	Non-laptop product found in laptops category: Samsung galaxy s7 expected [false] but found [true],
	Non-laptop product found in laptops category: Iphone 6 32gb expected [false] but found [true]
	at org.testng.asserts.SoftAssert.assertAll(SoftAssert.java:46) ~[testng-7.10.2.jar:7.10.2]
	at org.testng.asserts.SoftAssert.assertAll(SoftAssert.java:30) ~[testng-7.10.2.jar:7.10.2]
	at comBlazedemoTests.validations.Validation.assertAll(Validation.java:149) [classes/:?]
	at comBlazedemoTests.tests.HomeTest.testLaptopsCategory(HomeTest.java:75) [test-classes/:?]
	at java.base/jdk.internal.reflect.DirectMethodHandleAccessor.invoke(DirectMethodHandleAccessor.java:104) ~[?:?]
	at java.base/java.lang.reflect.Method.invoke(Method.java:565) ~[?:?]
	at org.testng.internal.invokers.MethodInvocationHelper.invokeMethod(MethodInvocationHelper.java:141) [testng-7.10.2.jar:7.10.2]
	at org.testng.internal.invokers.TestInvoker.invokeMethod(TestInvoker.java:686) [testng-7.10.2.jar:7.10.2]
	at org.testng.internal.invokers.TestInvoker.invokeTestMethod(TestInvoker.java:230) [testng-7.10.2.jar:7.10.2]
	at org.testng.internal.invokers.MethodRunner.runInSequence(MethodRunner.java:63) [testng-7.10.2.jar:7.10.2]
	at org.testng.internal.invokers.TestInvoker$MethodInvocationAgent.invoke(TestInvoker.java:992) [testng-7.10.2.jar:7.10.2]
	at org.testng.internal.invokers.TestInvoker.invokeTestMethods(TestInvoker.java:203) [testng-7.10.2.jar:7.10.2]
	at org.testng.internal.invokers.TestMethodWorker.invokeTestMethods(TestMethodWorker.java:154) [testng-7.10.2.jar:7.10.2]
	at org.testng.internal.invokers.TestMethodWorker.run(TestMethodWorker.java:134) [testng-7.10.2.jar:7.10.2]
	at java.base/java.util.ArrayList.forEach(ArrayList.java:1604) [?:?]
	at org.testng.TestRunner.privateRun(TestRunner.java:739) [testng-7.10.2.jar:7.10.2]
	at org.testng.TestRunner.run(TestRunner.java:614) [testng-7.10.2.jar:7.10.2]
	at org.testng.SuiteRunner.runTest(SuiteRunner.java:421) [testng-7.10.2.jar:7.10.2]
	at org.testng.SuiteRunner.runSequentially(SuiteRunner.java:413) [testng-7.10.2.jar:7.10.2]
	at org.testng.SuiteRunner.privateRun(SuiteRunner.java:373) [testng-7.10.2.jar:7.10.2]
	at org.testng.SuiteRunner.run(SuiteRunner.java:312) [testng-7.10.2.jar:7.10.2]
	at org.testng.SuiteRunnerWorker.runSuite(SuiteRunnerWorker.java:52) [testng-7.10.2.jar:7.10.2]
	at org.testng.SuiteRunnerWorker.run(SuiteRunnerWorker.java:95) [testng-7.10.2.jar:7.10.2]
	at org.testng.TestNG.runSuitesSequentially(TestNG.java:1274) [testng-7.10.2.jar:7.10.2]
	at org.testng.TestNG.runSuitesLocally(TestNG.java:1208) [testng-7.10.2.jar:7.10.2]
	at org.testng.TestNG.runSuites(TestNG.java:1112) [testng-7.10.2.jar:7.10.2]
	at org.testng.TestNG.run(TestNG.java:1079) [testng-7.10.2.jar:7.10.2]
	at org.apache.maven.surefire.testng.TestNGExecutor.run(TestNGExecutor.java:155) [surefire-testng-3.1.0.jar:3.1.0]
	at org.apache.maven.surefire.testng.TestNGDirectoryTestSuite.executeSingleClass(TestNGDirectoryTestSuite.java:102) [surefire-testng-3.1.0.jar:3.1.0]
	at org.apache.maven.surefire.testng.TestNGDirectoryTestSuite.execute(TestNGDirectoryTestSuite.java:91) [surefire-testng-3.1.0.jar:3.1.0]
	at org.apache.maven.surefire.testng.TestNGProvider.invoke(TestNGProvider.java:137) [surefire-testng-3.1.0.jar:3.1.0]
	at org.apache.maven.surefire.booter.ForkedBooter.runSuitesInProcess(ForkedBooter.java:385) [surefire-booter-3.1.0.jar:3.1.0]
	at org.apache.maven.surefire.booter.ForkedBooter.execute(ForkedBooter.java:162) [surefire-booter-3.1.0.jar:3.1.0]
	at org.apache.maven.surefire.booter.ForkedBooter.run(ForkedBooter.java:507) [surefire-booter-3.1.0.jar:3.1.0]
	at org.apache.maven.surefire.booter.ForkedBooter.main(ForkedBooter.java:495) [surefire-booter-3.1.0.jar:3.1.0]
[2026-04-20 14:09:35] [INFO ] [main] ──► STEP: Navigating to: https://www.demoblaze.com/
[2026-04-20 14:09:36] [INFO ] [main] SoftAssert reset for new test
[2026-04-20 14:09:36] [INFO ] [main] ──► STEP: Clicking: By.xpath: //a[@id='itemc' and @onclick="byCat('monitor')"]
[2026-04-20 14:09:39] [INFO ] [main] ──► STEP: Navigating to: https://www.demoblaze.com/
[2026-04-20 14:09:40] [INFO ] [main] SoftAssert reset for new test
[2026-04-20 14:09:40] [INFO ] [main] ──► STEP: Clicking: By.xpath: //a[@id='itemc' and @onclick="byCat('phone')"]
[2026-04-20 14:09:41] [INFO ] [main] SoftAssert assertTrue: Product list should not be empty for phones category
[2026-04-20 14:09:41] [INFO ] [main] SoftAssert assertFalse: Non-phone product found in phones category: Samsung galaxy s6
[2026-04-20 14:09:41] [INFO ] [main] SoftAssert assertFalse: Non-phone product found in phones category: Nokia lumia 1520
[2026-04-20 14:09:41] [INFO ] [main] SoftAssert assertFalse: Non-phone product found in phones category: Nexus 6
[2026-04-20 14:09:41] [INFO ] [main] SoftAssert assertFalse: Non-phone product found in phones category: Samsung galaxy s7
[2026-04-20 14:09:41] [INFO ] [main] SoftAssert assertFalse: Non-phone product found in phones category: Iphone 6 32gb
[2026-04-20 14:09:41] [INFO ] [main] SoftAssert assertFalse: Non-phone product found in phones category: Sony xperia z5
[2026-04-20 14:09:41] [INFO ] [main] SoftAssert assertFalse: Non-phone product found in phones category: HTC One M9
[2026-04-20 14:09:41] [INFO ] [main] SoftAssert assertFalse: Non-phone product found in phones category: Sony vaio i5
[2026-04-20 14:09:41] [INFO ] [main] SoftAssert assertFalse: Non-phone product found in phones category: Sony vaio i7
[2026-04-20 14:09:41] [INFO ] [main] ──► STEP: Running assertAll()
[2026-04-20 14:09:41] [ERROR] [main] One or more assertions failed
java.lang.AssertionError: The following asserts failed:
	Non-phone product found in phones category: Sony vaio i5 expected [false] but found [true],
	Non-phone product found in phones category: Sony vaio i7 expected [false] but found [true]
	at org.testng.asserts.SoftAssert.assertAll(SoftAssert.java:46) ~[testng-7.10.2.jar:7.10.2]
	at org.testng.asserts.SoftAssert.assertAll(SoftAssert.java:30) ~[testng-7.10.2.jar:7.10.2]
	at comBlazedemoTests.validations.Validation.assertAll(Validation.java:149) [classes/:?]
	at comBlazedemoTests.tests.HomeTest.testPhonesCategory(HomeTest.java:53) [test-classes/:?]
	at java.base/jdk.internal.reflect.DirectMethodHandleAccessor.invoke(DirectMethodHandleAccessor.java:104) ~[?:?]
	at java.base/java.lang.reflect.Method.invoke(Method.java:565) ~[?:?]
	at org.testng.internal.invokers.MethodInvocationHelper.invokeMethod(MethodInvocationHelper.java:141) [testng-7.10.2.jar:7.10.2]
	at org.testng.internal.invokers.TestInvoker.invokeMethod(TestInvoker.java:686) [testng-7.10.2.jar:7.10.2]
	at org.testng.internal.invokers.TestInvoker.invokeTestMethod(TestInvoker.java:230) [testng-7.10.2.jar:7.10.2]
	at org.testng.internal.invokers.MethodRunner.runInSequence(MethodRunner.java:63) [testng-7.10.2.jar:7.10.2]
	at org.testng.internal.invokers.TestInvoker$MethodInvocationAgent.invoke(TestInvoker.java:992) [testng-7.10.2.jar:7.10.2]
	at org.testng.internal.invokers.TestInvoker.invokeTestMethods(TestInvoker.java:203) [testng-7.10.2.jar:7.10.2]
	at org.testng.internal.invokers.TestMethodWorker.invokeTestMethods(TestMethodWorker.java:154) [testng-7.10.2.jar:7.10.2]
	at org.testng.internal.invokers.TestMethodWorker.run(TestMethodWorker.java:134) [testng-7.10.2.jar:7.10.2]
	at java.base/java.util.ArrayList.forEach(ArrayList.java:1604) [?:?]
	at org.testng.TestRunner.privateRun(TestRunner.java:739) [testng-7.10.2.jar:7.10.2]
	at org.testng.TestRunner.run(TestRunner.java:614) [testng-7.10.2.jar:7.10.2]
	at org.testng.SuiteRunner.runTest(SuiteRunner.java:421) [testng-7.10.2.jar:7.10.2]
	at org.testng.SuiteRunner.runSequentially(SuiteRunner.java:413) [testng-7.10.2.jar:7.10.2]
	at org.testng.SuiteRunner.privateRun(SuiteRunner.java:373) [testng-7.10.2.jar:7.10.2]
	at org.testng.SuiteRunner.run(SuiteRunner.java:312) [testng-7.10.2.jar:7.10.2]
	at org.testng.SuiteRunnerWorker.runSuite(SuiteRunnerWorker.java:52) [testng-7.10.2.jar:7.10.2]
	at org.testng.SuiteRunnerWorker.run(SuiteRunnerWorker.java:95) [testng-7.10.2.jar:7.10.2]
	at org.testng.TestNG.runSuitesSequentially(TestNG.java:1274) [testng-7.10.2.jar:7.10.2]
	at org.testng.TestNG.runSuitesLocally(TestNG.java:1208) [testng-7.10.2.jar:7.10.2]
	at org.testng.TestNG.runSuites(TestNG.java:1112) [testng-7.10.2.jar:7.10.2]
	at org.testng.TestNG.run(TestNG.java:1079) [testng-7.10.2.jar:7.10.2]
	at org.apache.maven.surefire.testng.TestNGExecutor.run(TestNGExecutor.java:155) [surefire-testng-3.1.0.jar:3.1.0]
	at org.apache.maven.surefire.testng.TestNGDirectoryTestSuite.executeSingleClass(TestNGDirectoryTestSuite.java:102) [surefire-testng-3.1.0.jar:3.1.0]
	at org.apache.maven.surefire.testng.TestNGDirectoryTestSuite.execute(TestNGDirectoryTestSuite.java:91) [surefire-testng-3.1.0.jar:3.1.0]
	at org.apache.maven.surefire.testng.TestNGProvider.invoke(TestNGProvider.java:137) [surefire-testng-3.1.0.jar:3.1.0]
	at org.apache.maven.surefire.booter.ForkedBooter.runSuitesInProcess(ForkedBooter.java:385) [surefire-booter-3.1.0.jar:3.1.0]
	at org.apache.maven.surefire.booter.ForkedBooter.execute(ForkedBooter.java:162) [surefire-booter-3.1.0.jar:3.1.0]
	at org.apache.maven.surefire.booter.ForkedBooter.run(ForkedBooter.java:507) [surefire-booter-3.1.0.jar:3.1.0]
	at org.apache.maven.surefire.booter.ForkedBooter.main(ForkedBooter.java:495) [surefire-booter-3.1.0.jar:3.1.0]
[2026-04-20 14:10:59] [INFO ] [main] ──► STEP: Navigating to: https://www.demoblaze.com/
[2026-04-20 14:11:00] [INFO ] [main] SoftAssert reset for new test
[2026-04-20 14:11:00] [INFO ] [main] ──► STEP: Clicking: By.xpath: //a[@id='itemc' and @onclick="byCat('notebook')"]
[2026-04-20 14:11:01] [INFO ] [main] SoftAssert assertTrue: Product list should not be empty for laptops category
[2026-04-20 14:11:01] [INFO ] [main] ──► STEP: Running assertAll()
[2026-04-20 14:11:03] [INFO ] [main] ──► STEP: Navigating to: https://www.demoblaze.com/
[2026-04-20 14:11:04] [INFO ] [main] SoftAssert reset for new test
[2026-04-20 14:11:04] [INFO ] [main] ──► STEP: Clicking: By.xpath: //a[@id='itemc' and @onclick="byCat('monitor')"]
[2026-04-20 14:11:05] [INFO ] [main] SoftAssert assertTrue: Product list should not be empty for monitors category
[2026-04-20 14:11:05] [INFO ] [main] ──► STEP: Running assertAll()
[2026-04-20 14:11:07] [INFO ] [main] ──► STEP: Navigating to: https://www.demoblaze.com/
[2026-04-20 14:11:08] [INFO ] [main] SoftAssert reset for new test
[2026-04-20 14:11:08] [INFO ] [main] ──► STEP: Clicking: By.xpath: //a[@id='itemc' and @onclick="byCat('phone')"]
[2026-04-20 14:11:08] [INFO ] [main] SoftAssert assertTrue: Product list should not be empty for phones category
[2026-04-20 14:11:08] [INFO ] [main] ──► STEP: Running assertAll()
[2026-04-20 14:28:23] [INFO ] [main] ──► STEP: Navigating to: https://www.demoblaze.com/
[2026-04-20 14:28:24] [INFO ] [main] SoftAssert reset for new test
[2026-04-20 14:28:24] [INFO ] [main] ──► STEP: Clicking: By.xpath: //a[@id='itemc' and @onclick="byCat('notebook')"]
[2026-04-20 14:28:25] [INFO ] [main] SoftAssert assertTrue: Product list should not be empty for laptops category
[2026-04-20 14:28:25] [INFO ] [main] SoftAssert assertFalse: Non-laptop product found in laptops category: Samsung galaxy s6
[2026-04-20 14:28:25] [INFO ] [main] SoftAssert assertFalse: Non-laptop product found in laptops category: Nokia lumia 1520
[2026-04-20 14:28:25] [INFO ] [main] SoftAssert assertFalse: Non-laptop product found in laptops category: Nexus 6
[2026-04-20 14:28:25] [INFO ] [main] SoftAssert assertFalse: Non-laptop product found in laptops category: Samsung galaxy s7
[2026-04-20 14:28:25] [INFO ] [main] SoftAssert assertFalse: Non-laptop product found in laptops category: Iphone 6 32gb
[2026-04-20 14:28:25] [INFO ] [main] SoftAssert assertFalse: Non-laptop product found in laptops category: Sony xperia z5
[2026-04-20 14:28:25] [INFO ] [main] SoftAssert assertFalse: Non-laptop product found in laptops category: HTC One M9
[2026-04-20 14:28:25] [INFO ] [main] SoftAssert assertFalse: Non-laptop product found in laptops category: Sony vaio i5
[2026-04-20 14:28:25] [INFO ] [main] SoftAssert assertFalse: Non-laptop product found in laptops category: Sony vaio i7
[2026-04-20 14:28:25] [INFO ] [main] ──► STEP: Running assertAll()
[2026-04-20 14:28:25] [ERROR] [main] One or more assertions failed
java.lang.AssertionError: The following asserts failed:
	Non-laptop product found in laptops category: Samsung galaxy s6 expected [false] but found [true],
	Non-laptop product found in laptops category: Nokia lumia 1520 expected [false] but found [true],
	Non-laptop product found in laptops category: Samsung galaxy s7 expected [false] but found [true],
	Non-laptop product found in laptops category: Iphone 6 32gb expected [false] but found [true]
	at org.testng.asserts.SoftAssert.assertAll(SoftAssert.java:46) ~[testng-7.10.2.jar:7.10.2]
	at org.testng.asserts.SoftAssert.assertAll(SoftAssert.java:30) ~[testng-7.10.2.jar:7.10.2]
	at comBlazedemoTests.validations.Validation.assertAll(Validation.java:149) [classes/:?]
	at comBlazedemoTests.tests.HomeTest.testLaptopsCategory(HomeTest.java:75) [test-classes/:?]
	at java.base/jdk.internal.reflect.DirectMethodHandleAccessor.invoke(DirectMethodHandleAccessor.java:104) ~[?:?]
	at java.base/java.lang.reflect.Method.invoke(Method.java:565) ~[?:?]
	at org.testng.internal.invokers.MethodInvocationHelper.invokeMethod(MethodInvocationHelper.java:141) [testng-7.10.2.jar:7.10.2]
	at org.testng.internal.invokers.TestInvoker.invokeMethod(TestInvoker.java:686) [testng-7.10.2.jar:7.10.2]
	at org.testng.internal.invokers.TestInvoker.invokeTestMethod(TestInvoker.java:230) [testng-7.10.2.jar:7.10.2]
	at org.testng.internal.invokers.MethodRunner.runInSequence(MethodRunner.java:63) [testng-7.10.2.jar:7.10.2]
	at org.testng.internal.invokers.TestInvoker$MethodInvocationAgent.invoke(TestInvoker.java:992) [testng-7.10.2.jar:7.10.2]
	at org.testng.internal.invokers.TestInvoker.invokeTestMethods(TestInvoker.java:203) [testng-7.10.2.jar:7.10.2]
	at org.testng.internal.invokers.TestMethodWorker.invokeTestMethods(TestMethodWorker.java:154) [testng-7.10.2.jar:7.10.2]
	at org.testng.internal.invokers.TestMethodWorker.run(TestMethodWorker.java:134) [testng-7.10.2.jar:7.10.2]
	at java.base/java.util.ArrayList.forEach(ArrayList.java:1604) [?:?]
	at org.testng.TestRunner.privateRun(TestRunner.java:739) [testng-7.10.2.jar:7.10.2]
	at org.testng.TestRunner.run(TestRunner.java:614) [testng-7.10.2.jar:7.10.2]
	at org.testng.SuiteRunner.runTest(SuiteRunner.java:421) [testng-7.10.2.jar:7.10.2]
	at org.testng.SuiteRunner.runSequentially(SuiteRunner.java:413) [testng-7.10.2.jar:7.10.2]
	at org.testng.SuiteRunner.privateRun(SuiteRunner.java:373) [testng-7.10.2.jar:7.10.2]
	at org.testng.SuiteRunner.run(SuiteRunner.java:312) [testng-7.10.2.jar:7.10.2]
	at org.testng.SuiteRunnerWorker.runSuite(SuiteRunnerWorker.java:52) [testng-7.10.2.jar:7.10.2]
	at org.testng.SuiteRunnerWorker.run(SuiteRunnerWorker.java:95) [testng-7.10.2.jar:7.10.2]
	at org.testng.TestNG.runSuitesSequentially(TestNG.java:1274) [testng-7.10.2.jar:7.10.2]
	at org.testng.TestNG.runSuitesLocally(TestNG.java:1208) [testng-7.10.2.jar:7.10.2]
	at org.testng.TestNG.runSuites(TestNG.java:1112) [testng-7.10.2.jar:7.10.2]
	at org.testng.TestNG.run(TestNG.java:1079) [testng-7.10.2.jar:7.10.2]
	at org.apache.maven.surefire.testng.TestNGExecutor.run(TestNGExecutor.java:308) [surefire-testng-3.1.0.jar:3.1.0]
	at org.apache.maven.surefire.testng.TestNGXmlTestSuite.execute(TestNGXmlTestSuite.java:71) [surefire-testng-3.1.0.jar:3.1.0]
	at org.apache.maven.surefire.testng.TestNGProvider.invoke(TestNGProvider.java:113) [surefire-testng-3.1.0.jar:3.1.0]
	at org.apache.maven.surefire.booter.ForkedBooter.runSuitesInProcess(ForkedBooter.java:385) [surefire-booter-3.1.0.jar:3.1.0]
	at org.apache.maven.surefire.booter.ForkedBooter.execute(ForkedBooter.java:162) [surefire-booter-3.1.0.jar:3.1.0]
	at org.apache.maven.surefire.booter.ForkedBooter.run(ForkedBooter.java:507) [surefire-booter-3.1.0.jar:3.1.0]
	at org.apache.maven.surefire.booter.ForkedBooter.main(ForkedBooter.java:495) [surefire-booter-3.1.0.jar:3.1.0]
[2026-04-20 14:28:27] [INFO ] [main] ──► STEP: Navigating to: https://www.demoblaze.com/
[2026-04-20 14:28:28] [INFO ] [main] SoftAssert reset for new test
[2026-04-20 14:28:28] [INFO ] [main] ──► STEP: Clicking: By.xpath: //a[@id='itemc' and @onclick="byCat('monitor')"]
[2026-04-20 14:28:29] [INFO ] [main] SoftAssert assertTrue: Product list should not be empty for monitors category
[2026-04-20 14:28:29] [INFO ] [main] SoftAssert assertFalse: Non-monitor product found in monitors category: Samsung galaxy s6
[2026-04-20 14:28:29] [INFO ] [main] SoftAssert assertFalse: Non-monitor product found in monitors category: Nokia lumia 1520
[2026-04-20 14:28:29] [INFO ] [main] SoftAssert assertFalse: Non-monitor product found in monitors category: Nexus 6
[2026-04-20 14:28:29] [INFO ] [main] SoftAssert assertFalse: Non-monitor product found in monitors category: Samsung galaxy s7
[2026-04-20 14:28:29] [INFO ] [main] SoftAssert assertFalse: Non-monitor product found in monitors category: Iphone 6 32gb
[2026-04-20 14:28:29] [INFO ] [main] SoftAssert assertFalse: Non-monitor product found in monitors category: Sony xperia z5
[2026-04-20 14:28:29] [INFO ] [main] SoftAssert assertFalse: Non-monitor product found in monitors category: HTC One M9
[2026-04-20 14:28:29] [INFO ] [main] SoftAssert assertFalse: Non-monitor product found in monitors category: Sony vaio i5
[2026-04-20 14:28:29] [INFO ] [main] SoftAssert assertFalse: Non-monitor product found in monitors category: Sony vaio i7
[2026-04-20 14:28:29] [INFO ] [main] ──► STEP: Running assertAll()
[2026-04-20 14:28:29] [ERROR] [main] One or more assertions failed
java.lang.AssertionError: The following asserts failed:
	Non-monitor product found in monitors category: Samsung galaxy s6 expected [false] but found [true],
	Non-monitor product found in monitors category: Samsung galaxy s7 expected [false] but found [true],
	Non-monitor product found in monitors category: Iphone 6 32gb expected [false] but found [true]
	at org.testng.asserts.SoftAssert.assertAll(SoftAssert.java:46) ~[testng-7.10.2.jar:7.10.2]
	at org.testng.asserts.SoftAssert.assertAll(SoftAssert.java:30) ~[testng-7.10.2.jar:7.10.2]
	at comBlazedemoTests.validations.Validation.assertAll(Validation.java:149) [classes/:?]
	at comBlazedemoTests.tests.HomeTest.testMonitorsCategory(HomeTest.java:97) [test-classes/:?]
	at java.base/jdk.internal.reflect.DirectMethodHandleAccessor.invoke(DirectMethodHandleAccessor.java:104) ~[?:?]
	at java.base/java.lang.reflect.Method.invoke(Method.java:565) ~[?:?]
	at org.testng.internal.invokers.MethodInvocationHelper.invokeMethod(MethodInvocationHelper.java:141) [testng-7.10.2.jar:7.10.2]
	at org.testng.internal.invokers.TestInvoker.invokeMethod(TestInvoker.java:686) [testng-7.10.2.jar:7.10.2]
	at org.testng.internal.invokers.TestInvoker.invokeTestMethod(TestInvoker.java:230) [testng-7.10.2.jar:7.10.2]
	at org.testng.internal.invokers.MethodRunner.runInSequence(MethodRunner.java:63) [testng-7.10.2.jar:7.10.2]
	at org.testng.internal.invokers.TestInvoker$MethodInvocationAgent.invoke(TestInvoker.java:992) [testng-7.10.2.jar:7.10.2]
	at org.testng.internal.invokers.TestInvoker.invokeTestMethods(TestInvoker.java:203) [testng-7.10.2.jar:7.10.2]
	at org.testng.internal.invokers.TestMethodWorker.invokeTestMethods(TestMethodWorker.java:154) [testng-7.10.2.jar:7.10.2]
	at org.testng.internal.invokers.TestMethodWorker.run(TestMethodWorker.java:134) [testng-7.10.2.jar:7.10.2]
	at java.base/java.util.ArrayList.forEach(ArrayList.java:1604) [?:?]
	at org.testng.TestRunner.privateRun(TestRunner.java:739) [testng-7.10.2.jar:7.10.2]
	at org.testng.TestRunner.run(TestRunner.java:614) [testng-7.10.2.jar:7.10.2]
	at org.testng.SuiteRunner.runTest(SuiteRunner.java:421) [testng-7.10.2.jar:7.10.2]
	at org.testng.SuiteRunner.runSequentially(SuiteRunner.java:413) [testng-7.10.2.jar:7.10.2]
	at org.testng.SuiteRunner.privateRun(SuiteRunner.java:373) [testng-7.10.2.jar:7.10.2]
	at org.testng.SuiteRunner.run(SuiteRunner.java:312) [testng-7.10.2.jar:7.10.2]
	at org.testng.SuiteRunnerWorker.runSuite(SuiteRunnerWorker.java:52) [testng-7.10.2.jar:7.10.2]
	at org.testng.SuiteRunnerWorker.run(SuiteRunnerWorker.java:95) [testng-7.10.2.jar:7.10.2]
	at org.testng.TestNG.runSuitesSequentially(TestNG.java:1274) [testng-7.10.2.jar:7.10.2]
	at org.testng.TestNG.runSuitesLocally(TestNG.java:1208) [testng-7.10.2.jar:7.10.2]
	at org.testng.TestNG.runSuites(TestNG.java:1112) [testng-7.10.2.jar:7.10.2]
	at org.testng.TestNG.run(TestNG.java:1079) [testng-7.10.2.jar:7.10.2]
	at org.apache.maven.surefire.testng.TestNGExecutor.run(TestNGExecutor.java:308) [surefire-testng-3.1.0.jar:3.1.0]
	at org.apache.maven.surefire.testng.TestNGXmlTestSuite.execute(TestNGXmlTestSuite.java:71) [surefire-testng-3.1.0.jar:3.1.0]
	at org.apache.maven.surefire.testng.TestNGProvider.invoke(TestNGProvider.java:113) [surefire-testng-3.1.0.jar:3.1.0]
	at org.apache.maven.surefire.booter.ForkedBooter.runSuitesInProcess(ForkedBooter.java:385) [surefire-booter-3.1.0.jar:3.1.0]
	at org.apache.maven.surefire.booter.ForkedBooter.execute(ForkedBooter.java:162) [surefire-booter-3.1.0.jar:3.1.0]
	at org.apache.maven.surefire.booter.ForkedBooter.run(ForkedBooter.java:507) [surefire-booter-3.1.0.jar:3.1.0]
	at org.apache.maven.surefire.booter.ForkedBooter.main(ForkedBooter.java:495) [surefire-booter-3.1.0.jar:3.1.0]
[2026-04-20 14:28:30] [INFO ] [main] ──► STEP: Navigating to: https://www.demoblaze.com/
[2026-04-20 14:28:32] [INFO ] [main] SoftAssert reset for new test
[2026-04-20 14:28:32] [INFO ] [main] ──► STEP: Clicking: By.xpath: //a[@id='itemc' and @onclick="byCat('phone')"]
[2026-04-20 14:58:21] [INFO ] [main] ──► STEP: Navigating to: https://www.demoblaze.com/
[2026-04-20 14:58:22] [INFO ] [main] SoftAssert reset for new test
[2026-04-20 14:58:22] [INFO ] [main] ──► STEP: Clicking: By.xpath: //a[@id='itemc' and @onclick="byCat('notebook')"]
[2026-04-20 14:58:24] [INFO ] [main] ──► STEP: Navigating to: https://www.demoblaze.com/
[2026-04-20 14:58:25] [INFO ] [main] SoftAssert reset for new test
[2026-04-20 14:58:25] [INFO ] [main] ──► STEP: Clicking: By.xpath: //a[@id='itemc' and @onclick="byCat('monitor')"]
[2026-04-20 14:58:27] [INFO ] [main] ──► STEP: Navigating to: https://www.demoblaze.com/
[2026-04-20 14:58:29] [INFO ] [main] SoftAssert reset for new test
[2026-04-20 14:58:29] [INFO ] [main] ──► STEP: Clicking: By.xpath: //a[@id='itemc' and @onclick="byCat('phone')"]
[2026-04-20 14:58:30] [INFO ] [main] SoftAssert assertTrue: Product list should not be empty for phones category
[2026-04-20 14:58:30] [INFO ] [main] SoftAssert assertFalse: Non-phone product found in phones category: Samsung galaxy s6
[2026-04-20 14:58:30] [INFO ] [main] SoftAssert assertFalse: Non-phone product found in phones category: Nokia lumia 1520
[2026-04-20 14:58:30] [INFO ] [main] SoftAssert assertFalse: Non-phone product found in phones category: Nexus 6
[2026-04-20 14:58:30] [INFO ] [main] SoftAssert assertFalse: Non-phone product found in phones category: Samsung galaxy s7
[2026-04-20 14:58:30] [INFO ] [main] SoftAssert assertFalse: Non-phone product found in phones category: Iphone 6 32gb
[2026-04-20 14:58:30] [INFO ] [main] SoftAssert assertFalse: Non-phone product found in phones category: Sony xperia z5
[2026-04-20 14:58:30] [INFO ] [main] SoftAssert assertFalse: Non-phone product found in phones category: HTC One M9
[2026-04-20 14:58:30] [INFO ] [main] SoftAssert assertFalse: Non-phone product found in phones category: Sony vaio i5
[2026-04-20 14:58:30] [INFO ] [main] SoftAssert assertFalse: Non-phone product found in phones category: Sony vaio i7
[2026-04-20 14:58:30] [INFO ] [main] ──► STEP: Running assertAll()
[2026-04-20 14:58:30] [ERROR] [main] One or more assertions failed
java.lang.AssertionError: The following asserts failed:
	Non-phone product found in phones category: Sony vaio i5 expected [false] but found [true],
	Non-phone product found in phones category: Sony vaio i7 expected [false] but found [true]
	at org.testng.asserts.SoftAssert.assertAll(SoftAssert.java:46) ~[testng-7.10.2.jar:7.10.2]
	at org.testng.asserts.SoftAssert.assertAll(SoftAssert.java:30) ~[testng-7.10.2.jar:7.10.2]
	at comBlazedemoTests.validations.Validation.assertAll(Validation.java:149) [classes/:?]
	at comBlazedemoTests.tests.HomeTest.testPhonesCategory(HomeTest.java:53) [test-classes/:?]
	at java.base/jdk.internal.reflect.DirectMethodHandleAccessor.invoke(DirectMethodHandleAccessor.java:104) ~[?:?]
	at java.base/java.lang.reflect.Method.invoke(Method.java:565) ~[?:?]
	at org.testng.internal.invokers.MethodInvocationHelper.invokeMethod(MethodInvocationHelper.java:141) [testng-7.10.2.jar:7.10.2]
	at org.testng.internal.invokers.TestInvoker.invokeMethod(TestInvoker.java:686) [testng-7.10.2.jar:7.10.2]
	at org.testng.internal.invokers.TestInvoker.invokeTestMethod(TestInvoker.java:230) [testng-7.10.2.jar:7.10.2]
	at org.testng.internal.invokers.MethodRunner.runInSequence(MethodRunner.java:63) [testng-7.10.2.jar:7.10.2]
	at org.testng.internal.invokers.TestInvoker$MethodInvocationAgent.invoke(TestInvoker.java:992) [testng-7.10.2.jar:7.10.2]
	at org.testng.internal.invokers.TestInvoker.invokeTestMethods(TestInvoker.java:203) [testng-7.10.2.jar:7.10.2]
	at org.testng.internal.invokers.TestMethodWorker.invokeTestMethods(TestMethodWorker.java:154) [testng-7.10.2.jar:7.10.2]
	at org.testng.internal.invokers.TestMethodWorker.run(TestMethodWorker.java:134) [testng-7.10.2.jar:7.10.2]
	at java.base/java.util.ArrayList.forEach(ArrayList.java:1604) [?:?]
	at org.testng.TestRunner.privateRun(TestRunner.java:739) [testng-7.10.2.jar:7.10.2]
	at org.testng.TestRunner.run(TestRunner.java:614) [testng-7.10.2.jar:7.10.2]
	at org.testng.SuiteRunner.runTest(SuiteRunner.java:421) [testng-7.10.2.jar:7.10.2]
	at org.testng.SuiteRunner.runSequentially(SuiteRunner.java:413) [testng-7.10.2.jar:7.10.2]
	at org.testng.SuiteRunner.privateRun(SuiteRunner.java:373) [testng-7.10.2.jar:7.10.2]
	at org.testng.SuiteRunner.run(SuiteRunner.java:312) [testng-7.10.2.jar:7.10.2]
	at org.testng.SuiteRunnerWorker.runSuite(SuiteRunnerWorker.java:52) [testng-7.10.2.jar:7.10.2]
	at org.testng.SuiteRunnerWorker.run(SuiteRunnerWorker.java:95) [testng-7.10.2.jar:7.10.2]
	at org.testng.TestNG.runSuitesSequentially(TestNG.java:1274) [testng-7.10.2.jar:7.10.2]
	at org.testng.TestNG.runSuitesLocally(TestNG.java:1208) [testng-7.10.2.jar:7.10.2]
	at org.testng.TestNG.runSuites(TestNG.java:1112) [testng-7.10.2.jar:7.10.2]
	at org.testng.TestNG.run(TestNG.java:1079) [testng-7.10.2.jar:7.10.2]
	at org.apache.maven.surefire.testng.TestNGExecutor.run(TestNGExecutor.java:308) [surefire-testng-3.1.0.jar:3.1.0]
	at org.apache.maven.surefire.testng.TestNGXmlTestSuite.execute(TestNGXmlTestSuite.java:71) [surefire-testng-3.1.0.jar:3.1.0]
	at org.apache.maven.surefire.testng.TestNGProvider.invoke(TestNGProvider.java:113) [surefire-testng-3.1.0.jar:3.1.0]
	at org.apache.maven.surefire.booter.ForkedBooter.runSuitesInProcess(ForkedBooter.java:385) [surefire-booter-3.1.0.jar:3.1.0]
	at org.apache.maven.surefire.booter.ForkedBooter.execute(ForkedBooter.java:162) [surefire-booter-3.1.0.jar:3.1.0]
	at org.apache.maven.surefire.booter.ForkedBooter.run(ForkedBooter.java:507) [surefire-booter-3.1.0.jar:3.1.0]
	at org.apache.maven.surefire.booter.ForkedBooter.main(ForkedBooter.java:495) [surefire-booter-3.1.0.jar:3.1.0]
[2026-04-20 22:02:06] [INFO ] [main] ──► STEP: Navigating to: https://www.demoblaze.com/
[2026-04-20 22:02:08] [INFO ] [main] SoftAssert reset for new test
[2026-04-20 22:02:08] [INFO ] [main] ──► STEP: Clicking: By.xpath: //a[@id='itemc' and @onclick="byCat('notebook')"]
[2026-04-20 22:02:15] [INFO ] [main] ──► STEP: Navigating to: https://www.demoblaze.com/
[2026-04-20 22:02:17] [INFO ] [main] SoftAssert reset for new test
[2026-04-20 22:02:17] [INFO ] [main] ──► STEP: Clicking: By.xpath: //a[@id='itemc' and @onclick="byCat('monitor')"]
[2026-04-20 22:02:22] [INFO ] [main] ──► STEP: Navigating to: https://www.demoblaze.com/
[2026-04-20 22:02:27] [INFO ] [main] SoftAssert reset for new test
[2026-04-20 22:02:27] [INFO ] [main] ──► STEP: Clicking: By.xpath: //a[@id='itemc' and @onclick="byCat('phone')"]
